This is pdfTeX, Version 3.141592653-2.6-1.40.25 (TeX Live 2023/Debian) (preloaded format=latex 2025.12.7)  11 JUN 2026 22:55
entering extended mode
 restricted \write18 enabled.
 %&-line parsing enabled.
**afmm
(./afmm.tex
LaTeX2e <2023-11-01> patch level 1
L3 programming layer <2024-01-22>
(/usr/share/texlive/texmf-dist/tex/latex/base/book.cls
Document Class: book 2023/05/17 v1.4n Standard LaTeX document class
(/usr/share/texlive/texmf-dist/tex/latex/base/bk10.clo
File: bk10.clo 2023/05/17 v1.4n Standard LaTeX file (size option)
)
\c@part=\count187
\c@chapter=\count188
\c@section=\count189
\c@subsection=\count190
\c@subsubsection=\count191
\c@paragraph=\count192
\c@subparagraph=\count193
\c@figure=\count194
\c@table=\count195
\abovecaptionskip=\skip48
\belowcaptionskip=\skip49
\bibindent=\dimen140
)
(/usr/share/texlive/texmf-dist/tex/latex/graphics/graphicx.sty
Package: graphicx 2021/09/16 v1.2d Enhanced LaTeX Graphics (DPC,SPQR)

(/usr/share/texlive/texmf-dist/tex/latex/graphics/keyval.sty
Package: keyval 2022/05/29 v1.15 key=value parser (DPC)
\KV@toks@=\toks17
)
(/usr/share/texlive/texmf-dist/tex/latex/graphics/graphics.sty
Package: graphics 2022/03/10 v1.4e Standard LaTeX Graphics (DPC,SPQR)

(/usr/share/texlive/texmf-dist/tex/latex/graphics/trig.sty
Package: trig 2021/08/11 v1.11 sin cos tan (DPC)
)
(/usr/share/texlive/texmf-dist/tex/latex/graphics-cfg/graphics.cfg
File: graphics.cfg 2016/06/04 v1.11 sample graphics configuration
)
Package graphics Info: Driver file: dvips.def on input line 107.

(/usr/share/texlive/texmf-dist/tex/latex/graphics-def/dvips.def
File: dvips.def 2022/09/22 v3.1e Graphics/color driver for dvips
))
\Gin@req@height=\dimen141
\Gin@req@width=\dimen142
)
(/usr/share/texlive/texmf-dist/tex/latex/listings/listings.sty
\lst@mode=\count196
\lst@gtempboxa=\box51
\lst@token=\toks18
\lst@length=\count197
\lst@currlwidth=\dimen143
\lst@column=\count198
\lst@pos=\count199
\lst@lostspace=\dimen144
\lst@width=\dimen145
\lst@newlines=\count266
\lst@lineno=\count267
\lst@maxwidth=\dimen146

(/usr/share/texlive/texmf-dist/tex/latex/listings/lstmisc.sty
File: lstmisc.sty 2023/02/27 1.9 (Carsten Heinz)
\c@lstnumber=\count268
\lst@skipnumbers=\count269
\lst@framebox=\box52
)
(/usr/share/texlive/texmf-dist/tex/latex/listings/listings.cfg
File: listings.cfg 2023/02/27 1.9 listings configuration
))
Package: listings 2023/02/27 1.9 (Carsten Heinz)

(/usr/share/texlive/texmf-dist/tex/latex/amsmath/amsmath.sty
Package: amsmath 2023/05/13 v2.17o AMS math features
\@mathmargin=\skip50

For additional information on amsmath, use the `?' option.
(/usr/share/texlive/texmf-dist/tex/latex/amsmath/amstext.sty
Package: amstext 2021/08/26 v2.01 AMS text

(/usr/share/texlive/texmf-dist/tex/latex/amsmath/amsgen.sty
File: amsgen.sty 1999/11/30 v2.0 generic functions
\@emptytoks=\toks19
\ex@=\dimen147
))
(/usr/share/texlive/texmf-dist/tex/latex/amsmath/amsbsy.sty
Package: amsbsy 1999/11/29 v1.2d Bold Symbols
\pmbraise@=\dimen148
)
(/usr/share/texlive/texmf-dist/tex/latex/amsmath/amsopn.sty
Package: amsopn 2022/04/08 v2.04 operator names
)
\inf@bad=\count270
LaTeX Info: Redefining \frac on input line 234.
\uproot@=\count271
\leftroot@=\count272
LaTeX Info: Redefining \overline on input line 399.
LaTeX Info: Redefining \colon on input line 410.
\classnum@=\count273
\DOTSCASE@=\count274
LaTeX Info: Redefining \ldots on input line 496.
LaTeX Info: Redefining \dots on input line 499.
LaTeX Info: Redefining \cdots on input line 620.
\Mathstrutbox@=\box53
\strutbox@=\box54
LaTeX Info: Redefining \big on input line 722.
LaTeX Info: Redefining \Big on input line 723.
LaTeX Info: Redefining \bigg on input line 724.
LaTeX Info: Redefining \Bigg on input line 725.
\big@size=\dimen149
LaTeX Font Info:    Redeclaring font encoding OML on input line 743.
LaTeX Font Info:    Redeclaring font encoding OMS on input line 744.
\macc@depth=\count275
LaTeX Info: Redefining \bmod on input line 905.
LaTeX Info: Redefining \pmod on input line 910.
LaTeX Info: Redefining \smash on input line 940.
LaTeX Info: Redefining \relbar on input line 970.
LaTeX Info: Redefining \Relbar on input line 971.
\c@MaxMatrixCols=\count276
\dotsspace@=\muskip16
\c@parentequation=\count277
\dspbrk@lvl=\count278
\tag@help=\toks20
\row@=\count279
\column@=\count280
\maxfields@=\count281
\andhelp@=\toks21
\eqnshift@=\dimen150
\alignsep@=\dimen151
\tagshift@=\dimen152
\tagwidth@=\dimen153
\totwidth@=\dimen154
\lineht@=\dimen155
\@envbody=\toks22
\multlinegap=\skip51
\multlinetaggap=\skip52
\mathdisplay@stack=\toks23
LaTeX Info: Redefining \[ on input line 2953.
LaTeX Info: Redefining \] on input line 2954.
)
(/usr/share/texlive/texmf-dist/tex/latex/amsfonts/amsfonts.sty
Package: amsfonts 2013/01/14 v3.01 Basic AMSFonts support
\symAMSa=\mathgroup4
\symAMSb=\mathgroup5
LaTeX Font Info:    Redeclaring math symbol \hbar on input line 98.
LaTeX Font Info:    Overwriting math alphabet `\mathfrak' in version `bold'
(Font)                  U/euf/m/n --> U/euf/b/n on input line 106.
)
(/usr/share/texlive/texmf-dist/tex/latex/tools/longtable.sty
Package: longtable 2023-11-01 v4.19 Multi-page Table package (DPC)
\LTleft=\skip53
\LTright=\skip54
\LTpre=\skip55
\LTpost=\skip56
\LTchunksize=\count282
\LTcapwidth=\dimen156
\LT@head=\box55
\LT@firsthead=\box56
\LT@foot=\box57
\LT@lastfoot=\box58
\LT@gbox=\box59
\LT@cols=\count283
\LT@rows=\count284
\c@LT@tables=\count285
\c@LT@chunks=\count286
\LT@p@ftn=\toks24
)
(/usr/share/texlive/texmf-dist/tex/latex/pgf/basiclayer/pgf.sty
(/usr/share/texlive/texmf-dist/tex/latex/pgf/utilities/pgfrcs.sty
(/usr/share/texlive/texmf-dist/tex/generic/pgf/utilities/pgfutil-common.tex
\pgfutil@everybye=\toks25
\pgfutil@tempdima=\dimen157
\pgfutil@tempdimb=\dimen158
)
(/usr/share/texlive/texmf-dist/tex/generic/pgf/utilities/pgfutil-latex.def
\pgfutil@abb=\box60
)
(/usr/share/texlive/texmf-dist/tex/generic/pgf/utilities/pgfrcs.code.tex
(/usr/share/texlive/texmf-dist/tex/generic/pgf/pgf.revision.tex)
Package: pgfrcs 2023-01-15 v3.1.10 (3.1.10)
))
Package: pgf 2023-01-15 v3.1.10 (3.1.10)

(/usr/share/texlive/texmf-dist/tex/latex/pgf/basiclayer/pgfcore.sty
(/usr/share/texlive/texmf-dist/tex/latex/pgf/systemlayer/pgfsys.sty
(/usr/share/texlive/texmf-dist/tex/generic/pgf/systemlayer/pgfsys.code.tex
Package: pgfsys 2023-01-15 v3.1.10 (3.1.10)

(/usr/share/texlive/texmf-dist/tex/generic/pgf/utilities/pgfkeys.code.tex
\pgfkeys@pathtoks=\toks26
\pgfkeys@temptoks=\toks27

(/usr/share/texlive/texmf-dist/tex/generic/pgf/utilities/pgfkeyslibraryfiltered
.code.tex
\pgfkeys@tmptoks=\toks28
))
\pgf@x=\dimen159
\pgf@y=\dimen160
\pgf@xa=\dimen161
\pgf@ya=\dimen162
\pgf@xb=\dimen163
\pgf@yb=\dimen164
\pgf@xc=\dimen165
\pgf@yc=\dimen166
\pgf@xd=\dimen167
\pgf@yd=\dimen168
\w@pgf@writea=\write3
\r@pgf@reada=\read2
\c@pgf@counta=\count287
\c@pgf@countb=\count288
\c@pgf@countc=\count289
\c@pgf@countd=\count290
\t@pgf@toka=\toks29
\t@pgf@tokb=\toks30
\t@pgf@tokc=\toks31
\pgf@sys@id@count=\count291
 (/usr/share/texlive/texmf-dist/tex/generic/pgf/systemlayer/pgf.cfg
File: pgf.cfg 2023-01-15 v3.1.10 (3.1.10)
)
Driver file for pgf: pgfsys-dvips.def
(/usr/share/texlive/texmf-dist/tex/generic/pgf/systemlayer/pgfsys-dvips.def
File: pgfsys-dvips.def 2023-01-15 v3.1.10 (3.1.10)

(/usr/share/texlive/texmf-dist/tex/generic/pgf/systemlayer/pgfsys-common-postsc
ript.def
File: pgfsys-common-postscript.def 2023-01-15 v3.1.10 (3.1.10)
\pgf@objectcount=\count292
)))
(/usr/share/texlive/texmf-dist/tex/generic/pgf/systemlayer/pgfsyssoftpath.code.
tex
File: pgfsyssoftpath.code.tex 2023-01-15 v3.1.10 (3.1.10)
\pgfsyssoftpath@smallbuffer@items=\count293
\pgfsyssoftpath@bigbuffer@items=\count294
)
(/usr/share/texlive/texmf-dist/tex/generic/pgf/systemlayer/pgfsysprotocol.code.
tex
File: pgfsysprotocol.code.tex 2023-01-15 v3.1.10 (3.1.10)
)) (/usr/share/texlive/texmf-dist/tex/latex/xcolor/xcolor.sty
Package: xcolor 2023/11/15 v3.01 LaTeX color extensions (UK)

(/usr/share/texlive/texmf-dist/tex/latex/graphics-cfg/color.cfg
File: color.cfg 2016/01/02 v1.6 sample color configuration
)
Package xcolor Info: Driver file: dvips.def on input line 274.

(/usr/share/texlive/texmf-dist/tex/latex/graphics/mathcolor.ltx)
Package xcolor Info: Model `cmy' substituted by `cmy0' on input line 1350.
Package xcolor Info: Model `RGB' extended on input line 1366.
Package xcolor Info: Model `HTML' substituted by `rgb' on input line 1368.
Package xcolor Info: Model `Hsb' substituted by `hsb' on input line 1369.
Package xcolor Info: Model `tHsb' substituted by `hsb' on input line 1370.
Package xcolor Info: Model `HSB' substituted by `hsb' on input line 1371.
Package xcolor Info: Model `Gray' substituted by `gray' on input line 1372.
Package xcolor Info: Model `wave' substituted by `hsb' on input line 1373.
)
(/usr/share/texlive/texmf-dist/tex/generic/pgf/basiclayer/pgfcore.code.tex
Package: pgfcore 2023-01-15 v3.1.10 (3.1.10)

(/usr/share/texlive/texmf-dist/tex/generic/pgf/math/pgfmath.code.tex
(/usr/share/texlive/texmf-dist/tex/generic/pgf/math/pgfmathutil.code.tex)
(/usr/share/texlive/texmf-dist/tex/generic/pgf/math/pgfmathparser.code.tex
\pgfmath@dimen=\dimen169
\pgfmath@count=\count295
\pgfmath@box=\box61
\pgfmath@toks=\toks32
\pgfmath@stack@operand=\toks33
\pgfmath@stack@operation=\toks34
)
(/usr/share/texlive/texmf-dist/tex/generic/pgf/math/pgfmathfunctions.code.tex)
(/usr/share/texlive/texmf-dist/tex/generic/pgf/math/pgfmathfunctions.basic.code
.tex)
(/usr/share/texlive/texmf-dist/tex/generic/pgf/math/pgfmathfunctions.trigonomet
ric.code.tex)
(/usr/share/texlive/texmf-dist/tex/generic/pgf/math/pgfmathfunctions.random.cod
e.tex)
(/usr/share/texlive/texmf-dist/tex/generic/pgf/math/pgfmathfunctions.comparison
.code.tex)
(/usr/share/texlive/texmf-dist/tex/generic/pgf/math/pgfmathfunctions.base.code.
tex)
(/usr/share/texlive/texmf-dist/tex/generic/pgf/math/pgfmathfunctions.round.code
.tex)
(/usr/share/texlive/texmf-dist/tex/generic/pgf/math/pgfmathfunctions.misc.code.
tex)
(/usr/share/texlive/texmf-dist/tex/generic/pgf/math/pgfmathfunctions.integerari
thmetics.code.tex)
(/usr/share/texlive/texmf-dist/tex/generic/pgf/math/pgfmathcalc.code.tex)
(/usr/share/texlive/texmf-dist/tex/generic/pgf/math/pgfmathfloat.code.tex
\c@pgfmathroundto@lastzeros=\count296
))
(/usr/share/texlive/texmf-dist/tex/generic/pgf/math/pgfint.code.tex)
(/usr/share/texlive/texmf-dist/tex/generic/pgf/basiclayer/pgfcorepoints.code.te
x
File: pgfcorepoints.code.tex 2023-01-15 v3.1.10 (3.1.10)
\pgf@picminx=\dimen170
\pgf@picmaxx=\dimen171
\pgf@picminy=\dimen172
\pgf@picmaxy=\dimen173
\pgf@pathminx=\dimen174
\pgf@pathmaxx=\dimen175
\pgf@pathminy=\dimen176
\pgf@pathmaxy=\dimen177
\pgf@xx=\dimen178
\pgf@xy=\dimen179
\pgf@yx=\dimen180
\pgf@yy=\dimen181
\pgf@zx=\dimen182
\pgf@zy=\dimen183
)
(/usr/share/texlive/texmf-dist/tex/generic/pgf/basiclayer/pgfcorepathconstruct.
code.tex
File: pgfcorepathconstruct.code.tex 2023-01-15 v3.1.10 (3.1.10)
\pgf@path@lastx=\dimen184
\pgf@path@lasty=\dimen185
)
(/usr/share/texlive/texmf-dist/tex/generic/pgf/basiclayer/pgfcorepathusage.code
.tex
File: pgfcorepathusage.code.tex 2023-01-15 v3.1.10 (3.1.10)
\pgf@shorten@end@additional=\dimen186
\pgf@shorten@start@additional=\dimen187
)
(/usr/share/texlive/texmf-dist/tex/generic/pgf/basiclayer/pgfcorescopes.code.te
x
File: pgfcorescopes.code.tex 2023-01-15 v3.1.10 (3.1.10)
\pgfpic=\box62
\pgf@hbox=\box63
\pgf@layerbox@main=\box64
\pgf@picture@serial@count=\count297
)
(/usr/share/texlive/texmf-dist/tex/generic/pgf/basiclayer/pgfcoregraphicstate.c
ode.tex
File: pgfcoregraphicstate.code.tex 2023-01-15 v3.1.10 (3.1.10)
\pgflinewidth=\dimen188
)
(/usr/share/texlive/texmf-dist/tex/generic/pgf/basiclayer/pgfcoretransformation
s.code.tex
File: pgfcoretransformations.code.tex 2023-01-15 v3.1.10 (3.1.10)
\pgf@pt@x=\dimen189
\pgf@pt@y=\dimen190
\pgf@pt@temp=\dimen191
)
(/usr/share/texlive/texmf-dist/tex/generic/pgf/basiclayer/pgfcorequick.code.tex
File: pgfcorequick.code.tex 2023-01-15 v3.1.10 (3.1.10)
)
(/usr/share/texlive/texmf-dist/tex/generic/pgf/basiclayer/pgfcoreobjects.code.t
ex
File: pgfcoreobjects.code.tex 2023-01-15 v3.1.10 (3.1.10)
)
(/usr/share/texlive/texmf-dist/tex/generic/pgf/basiclayer/pgfcorepathprocessing
.code.tex
File: pgfcorepathprocessing.code.tex 2023-01-15 v3.1.10 (3.1.10)
)
(/usr/share/texlive/texmf-dist/tex/generic/pgf/basiclayer/pgfcorearrows.code.te
x
File: pgfcorearrows.code.tex 2023-01-15 v3.1.10 (3.1.10)
\pgfarrowsep=\dimen192
)
(/usr/share/texlive/texmf-dist/tex/generic/pgf/basiclayer/pgfcoreshade.code.tex
File: pgfcoreshade.code.tex 2023-01-15 v3.1.10 (3.1.10)
\pgf@max=\dimen193
\pgf@sys@shading@range@num=\count298
\pgf@shadingcount=\count299
)
(/usr/share/texlive/texmf-dist/tex/generic/pgf/basiclayer/pgfcoreimage.code.tex
File: pgfcoreimage.code.tex 2023-01-15 v3.1.10 (3.1.10)
)
(/usr/share/texlive/texmf-dist/tex/generic/pgf/basiclayer/pgfcoreexternal.code.
tex
File: pgfcoreexternal.code.tex 2023-01-15 v3.1.10 (3.1.10)
\pgfexternal@startupbox=\box65
)
(/usr/share/texlive/texmf-dist/tex/generic/pgf/basiclayer/pgfcorelayers.code.te
x
File: pgfcorelayers.code.tex 2023-01-15 v3.1.10 (3.1.10)
)
(/usr/share/texlive/texmf-dist/tex/generic/pgf/basiclayer/pgfcoretransparency.c
ode.tex
File: pgfcoretransparency.code.tex 2023-01-15 v3.1.10 (3.1.10)
)
(/usr/share/texlive/texmf-dist/tex/generic/pgf/basiclayer/pgfcorepatterns.code.
tex
File: pgfcorepatterns.code.tex 2023-01-15 v3.1.10 (3.1.10)
)
(/usr/share/texlive/texmf-dist/tex/generic/pgf/basiclayer/pgfcorerdf.code.tex
File: pgfcorerdf.code.tex 2023-01-15 v3.1.10 (3.1.10)
)))
(/usr/share/texlive/texmf-dist/tex/generic/pgf/modules/pgfmoduleshapes.code.tex
File: pgfmoduleshapes.code.tex 2023-01-15 v3.1.10 (3.1.10)
\pgfnodeparttextbox=\box66
) (/usr/share/texlive/texmf-dist/tex/generic/pgf/modules/pgfmoduleplot.code.tex
File: pgfmoduleplot.code.tex 2023-01-15 v3.1.10 (3.1.10)
)
(/usr/share/texlive/texmf-dist/tex/latex/pgf/compatibility/pgfcomp-version-0-65
.sty
Package: pgfcomp-version-0-65 2023-01-15 v3.1.10 (3.1.10)
\pgf@nodesepstart=\dimen194
\pgf@nodesepend=\dimen195
)
(/usr/share/texlive/texmf-dist/tex/latex/pgf/compatibility/pgfcomp-version-1-18
.sty
Package: pgfcomp-version-1-18 2023-01-15 v3.1.10 (3.1.10)
)) (/usr/share/texlive/texmf-dist/tex/latex/l3backend/l3backend-dvips.def
File: l3backend-dvips.def 2024-01-04 L3 backend support: dvips
\l__pdf_internal_box=\box67
\g__pdf_backend_object_int=\count300
\l__pdf_backend_content_box=\box68
\l__pdf_backend_model_box=\box69
\g__pdf_backend_annotation_int=\count301
\g__pdf_backend_link_int=\count302
\g__pdf_backend_link_sf_int=\count303
)
(./afmm.aux)
\openout1 = `afmm.aux'.

LaTeX Font Info:    Checking defaults for OML/cmm/m/it on input line 53.
LaTeX Font Info:    ... okay on input line 53.
LaTeX Font Info:    Checking defaults for OMS/cmsy/m/n on input line 53.
LaTeX Font Info:    ... okay on input line 53.
LaTeX Font Info:    Checking defaults for OT1/cmr/m/n on input line 53.
LaTeX Font Info:    ... okay on input line 53.
LaTeX Font Info:    Checking defaults for T1/cmr/m/n on input line 53.
LaTeX Font Info:    ... okay on input line 53.
LaTeX Font Info:    Checking defaults for TS1/cmr/m/n on input line 53.
LaTeX Font Info:    ... okay on input line 53.
LaTeX Font Info:    Checking defaults for OMX/cmex/m/n on input line 53.
LaTeX Font Info:    ... okay on input line 53.
LaTeX Font Info:    Checking defaults for U/cmr/m/n on input line 53.
LaTeX Font Info:    ... okay on input line 53.
\c@lstlisting=\count304
LaTeX Font Info:    Trying to load font information for U+msa on input line 62.

 (/usr/share/texlive/texmf-dist/tex/latex/amsfonts/umsa.fd
File: umsa.fd 2013/01/14 v3.01 AMS symbols A
)
LaTeX Font Info:    Trying to load font information for U+msb on input line 62.


(/usr/share/texlive/texmf-dist/tex/latex/amsfonts/umsb.fd
File: umsb.fd 2013/01/14 v3.01 AMS symbols B
)
File: logo.ps Graphic file (type eps)
 <logo.ps> [1


]
[2

] (./afmm.toc [3]
Overfull \hbox (0.27835pt too wide) in paragraph at lines 43--43
 [][] []\OT1/cmr/m/n/10 ASSEMBLE: Pre-pare all the ma-tri-ces needed for the pr
op- 
 []


Overfull \hbox (2.63956pt too wide) in paragraph at lines 47--47
 [][] []\OT1/cmr/m/n/10 OUTDATA: Cal-cu-late ad-di-tional out-put data dur-ing 
prop- 
 []

[4] [5] [6])
\tf@toc=\write4
\openout4 = `afmm.toc'.

 [7] [8

] [9] [10

] [11] [12

]
Chapter 1.
(./afmm_background.tex
LaTeX Font Info:    Font shape `OT1/cmss/m/it' in size <8> not available
(Font)              Font shape `OT1/cmss/m/sl' tried instead on input line 12.
 (./cyl_coordinates.pgf) [13] [14] (./periodization.pgf)
(./periodicized_r.pgf)
Overfull \hbox (41.0pt too wide) in paragraph at lines 76--105
 [][] 
 []

[15] [16] [17] [18] [19] [20] (./pml.pgf)
Overfull \hbox (75.0pt too wide) in paragraph at lines 237--324
 [][] 
 []

[21] [22] [23] [24]
Underfull \vbox (badness 10000) has occurred while \output is active []

 [25]
[26] [27]
Underfull \vbox (badness 10000) has occurred while \output is active []

 [28]
[29] [30] [31]
Overfull \hbox (3.28638pt too wide) detected at line 988
[]\OML/cmm/m/it/10 r[] \OT1/cmr/m/n/10 = [][] [] \OML/cmm/m/it/10 P[]
 []

(./interfaces.pgf)
Overfull \hbox (97.0pt too wide) in paragraph at lines 137--1003
 [][] 
 []

[32] (./bloch_vectors.pgf)
Overfull \hbox (270.0pt too wide) in paragraph at lines 145--1058
 [][] 
 []

[33] [34]) [35] [36

]
Chapter 2.
(./afmm_commands.tex [37]
Overfull \hbox (1.60246pt too wide) in paragraph at lines 48--49
[]\OT1/cmr/m/n/10 Different con-ven-tions ex-ist when call-ing For-tran rou-tin
es from C/C++. Some
 []

[38] [39] [40] [41] [42] [43] [44] [45] [46]
Overfull \hbox (0.83064pt too wide) in paragraph at lines 425--425
[]\OT1/cmr/bx/n/12 ENSURECONV: en-sure proper prop-a-ga-tion modes 
 []

[47] [48] [49]
Overfull \hbox (2.09442pt too wide) in paragraph at lines 571--571
[]\OT1/cmr/bx/n/12 OUTBLOCH: Out-put the re-sults of the Bloch mode
 []

[50]
Overfull \hbox (59.56073pt too wide) in paragraph at lines 660--661
[]\OT1/cmr/m/n/10 Usage: [][][][][][][][][][][][][][][][][][][][][][][][][][][]
[][][][][][][][][][][][][][][][][][][][][][][][][][][][] 
 []

[51] [52] [53]
Overfull \hbox (5.61427pt too wide) in paragraph at lines 811--811
[]\OT1/cmr/bx/n/12 PML[]TRANSF: Adopt PML's with co-or-di-nate trans-
 []


Overfull \hbox (4.19502pt too wide) in paragraph at lines 813--815
\OT1/cmr/m/n/10 This com-mand de-fines a co-or-di-nate trans-form sec-tion used
 as a Per-fectly Matched
 []

[54] [55] [56]
Overfull \hbox (8.4347pt too wide) in paragraph at lines 922--922
[]\OT1/cmr/bx/n/12 OUTGMODES: Write on a file the in-ter-est-ing modes
 []


Overfull \hbox (4.58641pt too wide) in paragraph at lines 934--935
[][][][] \OT1/cmr/m/n/10 must be [][][][][][][][][][][][][][][][][][][][][][][]
[][][][][][] and in-di-cates which
 []

[57] [58]
Overfull \hbox (1.23471pt too wide) in paragraph at lines 1034--1034
[]\OT1/cmr/bx/n/12 SPECTRUM: Ob-tain all cal-cu-lated ef-fec-tive in-dices 
 []

[59] [60]
Overfull \hbox (1.01909pt too wide) in paragraph at lines 1126--1127
\OT1/cmr/m/n/10 quired and should be com-prised be-tween 0 and 1. See para-grap
h 1.4.5[]. 
 []

[61] [62] [63]
Overfull \hbox (1.80768pt too wide) in paragraph at lines 1262--1263
[][][][][][][][][][][][][][][][][][][][][][][][][][][][][][][][][][][][][][][][
][][][][][][][][][][][][][][][][][][][][][][][][][][][] 
 []

[64] [65] [66] [67] [68] [69]
Overfull \hbox (6.90779pt too wide) in paragraph at lines 1570--1571
[][][][][][][][][][][][][][][][][][][][][][][][][][][][][][][][][][][][][][][][
][][][][][][][][][][][][][][][][][][][][][][][][][][][][][][][][][][][][][][][]
[][][][][][][][][][][][][][][][][][][] 
 []


Overfull \hbox (1.80768pt too wide) in paragraph at lines 1590--1591
[][][][][][][][][][][][][][][][][][][][][][][][][][][][][][][][][][][][][][][][
][][][][][][][][][][][][][][][][][][][][][][][][][][][][][][][][][][][][][][][]
[] 
 []


Overfull \hbox (1.80768pt too wide) in paragraph at lines 1592--1594
[][][][][][][][][][][][][][][][][][][][][][][][][][][][][][][][][][][][][][][][
][][][][][][][][][][][][][][][][][][][][][][][][][][][][][][][][][][][][][][][]
[][][][] 
 []

[70] [71]
Overfull \hbox (7.06288pt too wide) in paragraph at lines 1686--1686
[]\OT1/cmr/bx/n/14.4 Example: slab waveg-uide mode solver, choos-
 []


Underfull \hbox (badness 10000) in paragraph at lines 1688--1688
[]\OT1/cmr/m/it/8 Which strat-egy choose for
 []

[72] [73]
Overfull \hbox (11.88474pt too wide) in paragraph at lines 1787--1800
 [][] 
 []


Overfull \hbox (11.88474pt too wide) in paragraph at lines 1805--1818
[][] 
 []

[74] [75] [76]
Overfull \hbox (6.4711pt too wide) in paragraph at lines 1950--1950
[]\OT1/cmr/bx/n/14.4 Example: guided modes of a 1D bent waveg-
 []

[77] [78]
Underfull \vbox (badness 10000) has occurred while \output is active []

 [79]
File: propagation.eps Graphic file (type eps)

<propagation.eps>
Overfull \hbox (9.91618pt too wide) in paragraph at lines 2084--2084
[]\OT1/cmr/bx/n/14.4 Example: Bloch-mode cal-cu-la-tion for guided
 []

[80] [81]) [82] (./afmm_appendix.tex [83] [84

]
Appendix A.

Underfull \vbox (badness 4582) has occurred while \output is active []

 [85]
[86]
Overfull \hbox (27.05453pt too wide) in paragraph at lines 86--86
[]\OT1/cmr/bx/n/14.4 Representing deriva-tives: the mod-i-fied Toeplitz
 []

[87]
Overfull \hbox (6.34265pt too wide) detected at line 179
[]\OML/cmm/m/it/8 A[] \OT1/cmr/m/n/8 = []
 []

[88]
Underfull \vbox (badness 10000) has occurred while \output is active []

 [89]
Overfull \hbox (16.71771pt too wide) detected at line 279
[]\OML/cmm/m/it/8 A[] \OT1/cmr/m/n/8 = []
 []


Overfull \hbox (11.08568pt too wide) detected at line 295
[]\OML/cmm/m/it/8 A[] \OT1/cmr/m/n/8 = []
 []


Underfull \vbox (badness 1072) has occurred while \output is active []

 [90]
[91] [92

]
Appendix B.
[93]
LaTeX Font Info:    Trying to load font information for TS1+cmtt on input line 
364.
 (/usr/share/texlive/texmf-dist/tex/latex/base/ts1cmtt.fd
File: ts1cmtt.fd 2023/04/13 v2.5m Standard LaTeX font definitions
)
File: test_Ex_m_2.eps Graphic file (type eps)

<test_Ex_m_2.eps> [94]
Appendix C.
[95

] [96]
Appendix D.
[97

] [98]
LaTeX Font Info:    Font shape `OT1/cmtt/bx/n' in size <14.4> not available
(Font)              Font shape `OT1/cmtt/m/n' tried instead on input line 520.
 [99] [100

]
Appendix E.

Overfull \hbox (0.12564pt too wide) in paragraph at lines 536--537
\OT1/cmss/m/n/10 draw \OT1/cmr/m/n/10 util-ity can be used ei-ther as a stan-da
lone tool or as part of \OT1/cmss/m/n/10 cR-CWA\OT1/cmr/m/n/10 command
 []


Overfull \hbox (22.20813pt too wide) in paragraph at lines 566--567
[][][][][][][][][][][][][][][][][][][][][][][][] 
 []


Overfull \hbox (63.00903pt too wide) in paragraph at lines 567--568
[][][][][][][][][][][][][][][][][][][][][][][][][][][][][] 
 []


Overfull \hbox (32.40836pt too wide) in paragraph at lines 568--569
[][][][][][][][][][][][][][][][][][][][][][][][] 
 []

[101]
Overfull \hbox (22.20813pt too wide) in paragraph at lines 572--574
[][][][][][][][][][][][][][][][][][][][][][][][][][][][][][][][][][][][][][] 
 []


Overfull \hbox (6.90779pt too wide) in paragraph at lines 576--577
[][][][][][][][][][][][][][][][][][][][][][][][][][][][] 
 []


Overfull \hbox (63.00903pt too wide) in paragraph at lines 578--579
[][][][][][][][][][][][][][][][][][][][][][][][][][][][][][][][][][][][][] 
 []


Overfull \hbox (52.8088pt too wide) in paragraph at lines 579--580
[][][][][][][][][][][][][][][][][][][][][][][][][][][][][] 
 []


Overfull \hbox (47.7087pt too wide) in paragraph at lines 580--581
[][][][][][][][][][][][][][][][][][][][][][][][][][] 
 []


Overfull \hbox (52.8088pt too wide) in paragraph at lines 581--582
[][][][][][][][][][][][][][][][][][][][][][][][][][][][] 
 []


Overfull \hbox (68.10915pt too wide) in paragraph at lines 582--583
[][][][][][][][][][][][][][][][][][][][][][][][] 
 []


Overfull \hbox (12.0079pt too wide) in paragraph at lines 584--585
[][][][][][][][][][][][][][][][][][][][][][][][][][][][] 
 []


Overfull \hbox (12.0079pt too wide) in paragraph at lines 586--587
[][][][][][][][][][][][][][][][][][][][][][][][][][][][][][][] 
 []


Overfull \hbox (27.30824pt too wide) in paragraph at lines 587--588
[][][][][][][][][][][][][][][][][][][][] 
 []


Overfull \hbox (47.7087pt too wide) in paragraph at lines 592--593
[][][][][][][][][][][][][][][][][][][][][][][][][][][][] 
 []


Overfull \hbox (68.10915pt too wide) in paragraph at lines 593--594
[][][][][][][][][][][][][][][][][][][][][][][][][][][][][] 
 []


Overfull \hbox (63.00903pt too wide) in paragraph at lines 595--596
[][][][][][][][][][][][][][][][][][][][][][][][][][][][][][][][][][][] 
 []


Overfull \hbox (63.00903pt too wide) in paragraph at lines 597--598
[][][][][][][][][][][][][][][][][][][][][][][][][][][][][][][] 
 []


Overfull \hbox (63.00903pt too wide) in paragraph at lines 598--599
[][][][][][][][][][][][][][][][][][][][][][][][][][][][] 
 []


Overfull \hbox (47.7087pt too wide) in paragraph at lines 601--602
[][][][][][][][][][][][][][][][][][][][][][][][][][][][][] 
 []


Overfull \hbox (12.0079pt too wide) in paragraph at lines 603--604
[][][][][][][][][][][][][][][][][][][][][][][][][][][][][][] 
 []


Overfull \hbox (6.90779pt too wide) in paragraph at lines 604--607
[][][][][][][][][][][][][][][][][][][][][][][][][][][][][][] 
 []


Overfull \hbox (57.90892pt too wide) in paragraph at lines 607--608
[][][][][][][][][][][][][][][][][][][][][][][][][][][][][][][][][][][][][][][][
][][][][][][][][][][][][][][][][][][][][][][][][][][][][][][][][][][] 
 []


Overfull \hbox (37.50847pt too wide) in paragraph at lines 608--609
[][][][][][][][][][][][][][][][][][][][][][][][][][][][][] 
 []


Overfull \hbox (52.8088pt too wide) in paragraph at lines 610--611
[][][][][][][][][][][][][][][][][][][][][][][][][][][][][][][][][][][][][][][][
] 
 []

[102]
Overfull \hbox (12.0079pt too wide) in paragraph at lines 630--632
[][][][][][][][][][][][][][][][][][][][][][][][][][][][][][][][] 
 []


Overfull \hbox (63.00903pt too wide) in paragraph at lines 645--646
[][][][][][][][][][][][][][][][][][][][][][][][][][][][][][][][][][][][][][][][
][][][][][][][] 
 []


Overfull \hbox (17.10802pt too wide) in paragraph at lines 649--650
[][][][][][][][][][][][][][][][][][][][] 
 []


Overfull \hbox (12.0079pt too wide) in paragraph at lines 663--665
[][][][][][][][][][][][][][][][][][][][][][][][][][][][][][][][] 
 []


Overfull \hbox (57.90892pt too wide) in paragraph at lines 679--680
[][][][][][][][][][][][][][][][][][][][][][][][][][][][][][][][][][][][][][][][
][][][][][][][] 
 []


Overfull \hbox (17.10802pt too wide) in paragraph at lines 683--685
[][][][][][][][][][][][][][][][][][][][] 
 []

[103]
Overfull \hbox (124.21039pt too wide) in paragraph at lines 706--707
[][][][][][][][][][][][][][][][][][][][][][][][][][][][][][][][][][][][] 
 []

[104]
Appendix F.
LaTeX Font Info:    Font shape `OT1/cmtt/bx/n' in size <8> not available
(Font)              Font shape `OT1/cmtt/m/n' tried instead on input line 722.
[105

] (/usr/share/texlive/texmf-dist/tex/latex/listings/lstlang1.sty
File: lstlang1.sty 2023/02/27 1.9 listings language file
) [106]
(../../python/test.py) [107] [108

]
Appendix G.
[109] [110] [111] [112]
Appendix H.

Overfull \hbox (6.61179pt too wide) in paragraph at lines 879--880
\OT1/cmr/m/n/10 uides and micro-ring res-onator by means of the Ape-ri-odic Fou
rier Modal Method,''
 []

) (./afmm.bbl [113

] [114

]
Underfull \hbox (badness 1189) in paragraph at lines 79--82
[]\OT1/cmr/m/n/10 ------, ``Ap-pli-ca-tion of the three-dimensional ape-ri-odic
 fourier modal
 []

[115] [116]) [117] (./afmm.aux)
 ***********
LaTeX2e <2023-11-01> patch level 1
L3 programming layer <2024-01-22>
 ***********
 ) 
Here is how much of TeX's memory you used:
 12614 strings out of 476183
 231175 string characters out of 5795621
 2014972 words of memory out of 5000000
 34372 multiletter control sequences out of 15000+600000
 574052 words of font info for 95 fonts, out of 8000000 for 9000
 14 hyphenation exceptions out of 8191
 69i,16n,79p,32797b,1672s stack positions out of 10000i,1000n,20000p,200000b,200000s

Output written on afmm.dvi (117 pages, 659676 bytes).
